[0;34m[Build library][0m Starting...

> nxtcm-components@0.0.1 build
> tsc && vite build

[33mThe CJS build of Vite's Node API is deprecated. See https://vite.dev/guide/troubleshooting.html#vite-cjs-node-api-deprecated for more details.[39m
[36mvite v5.4.21 [32mbuilding for production...[36m[39m
transforming...
[32m✓[39m 163 modules transformed.
No name was provided for external module "@patternfly/react-core" in "output.globals" – guessing "reactCore".
No name was provided for external module "@patternfly/react-icons/dist/esm/icons/ellipsis-v-icon" in "output.globals" – guessing "EllipsisVIcon".
No name was provided for external module "@patternfly/react-icons/dist/esm/icons/outlined-question-circle-icon" in "output.globals" – guessing "OutlinedQuestionCircleIcon".
No name was provided for external module "@patternfly/react-icons/dist/esm/icons/redo-icon" in "output.globals" – guessing "redoIcon".
No name was provided for external module "@patternfly/react-icons" in "output.globals" – guessing "reactIcons".
No name was provided for external module "@patternfly/react-core/dist/js/components/Form/FormFieldGroupToggle" in "output.globals" – guessing "FormFieldGroupToggle".
No name was provided for external module "@patternfly/react-styles" in "output.globals" – guessing "reactStyles".
No name was provided for external module "@patternfly/react-styles/css/components/Form/form" in "output.globals" – guessing "styles$5".
No name was provided for external module "@patternfly/react-table" in "output.globals" – guessing "reactTable".
No name was provided for external module "yaml" in "output.globals" – guessing "YAML".
No name was provided for external module "@patternfly/react-icons/dist/esm/icons/exclamation-circle-icon" in "output.globals" – guessing "ExclamationCircleIcon".
No name was provided for external module "@patternfly/react-icons/dist/esm/icons/lock-icon" in "output.globals" – guessing "LockIcon".
No name was provided for external module "js-yaml" in "output.globals" – guessing "yaml".
No name was provided for external module "@patternfly/react-icons/dist/esm/icons/bell-icon" in "output.globals" – guessing "BellIcon".
No name was provided for external module "@patternfly/react-icons/dist/esm/icons/exclamation-triangle-icon" in "output.globals" – guessing "ExclamationTriangleIcon".
No name was provided for external module "@patternfly/react-icons/dist/esm/icons/info-circle-icon" in "output.globals" – guessing "InfoCircleIcon".
rendering chunks...
computing gzip size...
[2mdist/[22m[35mindex.css     [39m[1m[2m  9.25 kB[22m[1m[22m[2m │ gzip:  2.19 kB[22m
[2mdist/[22m[36mindex.umd.js  [39m[1m[2m124.45 kB[22m[1m[22m[2m │ gzip: 36.53 kB[22m[2m │ map: 479.19 kB[22m
[2mdist/[22m[35mindex.css  [39m[1m[2m  9.25 kB[22m[1m[22m[2m │ gzip:  2.19 kB[22m
[2mdist/[22m[36mindex.js   [39m[1m[2m192.56 kB[22m[1m[22m[2m │ gzip: 44.30 kB[22m[2m │ map: 501.56 kB[22m
[32m✓ built in 2.32s[39m
[0;32m[Build library][0m ✓ Passed
